// Jest Snapshot v1, https://goo.gl/fbAQLP

exports[`ChatHeader should render correctly 1`] = `undefined`;

exports[`ChatWrapper should render correctly 1`] = `undefined`;
